// Vitest Snapshot v1, https://vitest.dev/guide/snapshot.html

exports[`dialog > should renders correctly 1`] = `
<DocumentFragment>
  <div
    data-testid="testing"
  />
</DocumentFragment>
`;
