// Vitest Snapshot v1, https://vitest.dev/guide/snapshot.html

exports[`estimateCost - CustomUnitInput > render default values 1`] = `
<DocumentFragment>
  .emotion-0 {
  width: 100%;
}

.emotion-2 {
  display: grid;
  width: 100%;
  gap: 0.5rem;
  grid-template-columns: 1fr auto;
  padding: 0.5rem;
  padding-right: 0;
  padding-left: 1rem;
  cursor: pointer;
  box-shadow: none;
  background: #ffffff;
  border-radius: 0.25rem;
  width: 100%;
}

.emotion-2[data-size='small'] {
  height: 2rem;
  padding-left: 0.5rem;
}

.emotion-2[data-size='medium'] {
  height: 2.5rem;
}

.emotion-2[data-size='large'] {
  height: 3rem;
}

.emotion-2[data-state='neutral'] {
  border: 1px solid #d9dadd;
}

.emotion-2[data-state='neutral']:not([data-disabled="true"]):not([data-readonly="true"]):active {
  border-color: #792dd4;
  box-shadow: 0px 0px 0px 3px #8c40ef40;
}

.emotion-2[data-state='neutral']:not([data-disabled='true']):hover {
  border-color: #792dd4;
  outline: none;
}

.emotion-2[data-state='neutral']:not([data-disabled='true']):focus-visible {
  outline: 5px auto Highlight;
  outline: 5px auto -webkit-focus-ring-color;
}

.emotion-2[data-state='neutral'][data-dropdownvisible='true'] {
  border-color: #792dd4;
}

.emotion-2[data-state='success'] {
  border: 1px solid #22674e;
}

.emotion-2[data-state='success']:not([data-disabled="true"]):not([data-readonly="true"]):active {
  border-color: #1b533f;
  box-shadow: 0px 0px 0px 3px #45d19f40;
}

.emotion-2[data-state='success'][data-dropdownvisible='true'] {
  border-color: #1b533f;
}

.emotion-2[data-state='danger'] {
  border: 1px solid #b3144d;
}

.emotion-2[data-state='danger']:not([data-disabled="true"]):not([data-readonly="true"]):active {
  border-color: #92103f;
  box-shadow: 0px 0px 0px 3px #f91b6c40;
}

.emotion-2[data-state='danger'][data-dropdownvisible='true'] {
  border-color: #92103f;
}

.emotion-2:not([data-disabled='true']):not([data-readonly]):hover {
  border-color: #8c40ef;
}

.emotion-2[data-readonly='true'] {
  background: #f9f9fa;
  border-color: #d9dadd;
  cursor: default;
}

.emotion-2[data-disabled='true'] {
  background: #f3f3f4;
  border-color: #e9eaeb;
  cursor: not-allowed;
}

.emotion-4 {
  text-overflow: ellipsis;
  overflow: hidden;
  white-space: nowrap;
  -webkit-align-self: center;
  -ms-flex-item-align: center;
  align-self: center;
}

.emotion-6 {
  padding-right: 1rem;
  display: -webkit-box;
  display: -webkit-flex;
  display: -ms-flexbox;
  display: flex;
}

<div
    data-testid="testing"
  >
    <div
      class="uv_toi52u0 uv_toi52u31 uv_toi52u2d uv_toi52u7d uv_toi52u1v uv_toi52u5d"
      style="--uv_4k0ekn0: 100%;"
    >
      <div
        class="uv_gwf0fld uv_gwf0fla uv_gwf0fl5 uv_x6hyh50 "
        style="--uv_3mg8xe0: auto auto; --uv_3mg8xe1: auto auto; --uv_3mg8xe2: auto auto; --uv_3mg8xe3: auto auto; --uv_3mg8xe4: auto auto; --uv_3mg8xe5: auto auto;"
      >
        <div
          class="uv_gwf0flb"
          id="input-field"
        >
          <input
            aria-invalid="false"
            class="uv_gwf0fl3 uv_gwf0fl1"
            data-testid="unit-input"
            id="«r0»"
            max="9007199254740991"
            min="1"
            name="iteration-value"
            placeholder="0"
            step="1"
            type="number"
            value="1"
          />
        </div>
        <div
          aria-label="iteration-unit"
          class="uv_gwf0flg uv_gwf0flf emotion-0 emotion-1"
          style="--uv_gwf0fl0: 100%;"
        >
          <div
            aria-controls="«r2»"
            aria-describedby="«r2»"
            class="uv_w40vpo9 uv_w40vpob"
            tabindex="-1"
          >
            <div
              class="uv_toi52u0 uv_toi52u31 uv_toi52u2d uv_toi52u7d uv_toi52u1v uv_toi52u5d"
            >
              <div
                aria-controls="«r2»"
                aria-expanded="false"
                class="emotion-2 emotion-3"
                data-disabled="false"
                data-dropdownvisible="false"
                data-readonly="false"
                data-size="medium"
                data-state="neutral"
                data-testid="select-input-iteration-unit"
                id="unit"
                role="combobox"
                tabindex="0"
              >
                <span
                  class="emotion-4 emotion-5 uv_m4c9ow0 uv_m4c9ow2 uv_m4c9ow4 uv_m4c9ow6 uv_m4c9ow8 uv_m4c9owb uv_m4c9owi uv_m4c9own uv_m4c9ow1b uv_m4c9ow20 uv_m4c9ow3c"
                >
                  Hour(s)
                </span>
                <div
                  class="emotion-6 emotion-7 uv_toi52u0 uv_toi52u3d uv_toi52u2j uv_toi52u7d uv_toi52u7 uv_toi52u5d"
                >
                  <svg
                    aria-label="show dropdown"
                    class="styles__1sbwqkz0 styles_prominence_default__1sbwqkzg styles_disabled_false__1sbwqkzf styles_sentiment_neutral__1sbwqkz3 styles_size_small__1sbwqkza styles_undefined_compound_34__1sbwqkz1i"
                    viewBox="0 0 16 16"
                  >
                    <path
                      clip-rule="evenodd"
                      d="M4.22 6.22a.75.75 0 0 1 1.06 0L8 8.94l2.72-2.72a.75.75 0 1 1 1.06 1.06l-3.25 3.25a.75.75 0 0 1-1.06 0L4.22 7.28a.75.75 0 0 1 0-1.06"
                      fill-rule="evenodd"
                    />
                  </svg>
                </div>
              </div>
            </div>
          </div>
        </div>
      </div>
    </div>
  </div>
</DocumentFragment>
`;
