// Vitest Snapshot v1, https://vitest.dev/guide/snapshot.html

exports[`estimateCost - LineThrough > render with basic values 1`] = `
<DocumentFragment>
  <div
    data-testid="testing"
  >
    <span
      class=" components__1ko5kn2g"
    >
      This is a beta
    </span>
  </div>
</DocumentFragment>
`;
