// Vitest Snapshot v1, https://vitest.dev/guide/snapshot.html

exports[`EstimateCost - Region > render region component 1`] = `
<DocumentFragment>
  .emotion-0 {
  display: -webkit-box;
  display: -webkit-flex;
  display: -ms-flexbox;
  display: flex;
  gap: 1rem;
  -webkit-flex-direction: column;
  -ms-flex-direction: column;
  flex-direction: column;
  -webkit-align-items: normal;
  -webkit-box-align: normal;
  -ms-flex-align: normal;
  align-items: normal;
  -webkit-box-pack: normal;
  -ms-flex-pack: normal;
  -webkit-justify-content: normal;
  justify-content: normal;
  -webkit-box-flex-wrap: nowrap;
  -webkit-flex-wrap: nowrap;
  -ms-flex-wrap: nowrap;
  flex-wrap: nowrap;
}

.emotion-2 {
  position: fixed;
  left: 0;
  right: 0;
  bottom: 0px;
  height: 120px;
  background-color: #ffffff;
  margin: 0;
  display: -webkit-box;
  display: -webkit-flex;
  display: -ms-flexbox;
  display: flex;
  -webkit-box-pack: center;
  -ms-flex-pack: center;
  -webkit-justify-content: center;
  justify-content: center;
  box-shadow: 0px 0px 8px 2px #d9dadd66;
  -webkit-transition: bottom 0.3s,box-shadow 0.3s;
  transition: bottom 0.3s,box-shadow 0.3s;
}

.emotion-4 {
  display: -webkit-box;
  display: -webkit-flex;
  display: -ms-flexbox;
  display: flex;
  -webkit-flex-direction: row;
  -ms-flex-direction: row;
  flex-direction: row;
  -webkit-box-pack: center;
  -ms-flex-pack: center;
  -webkit-justify-content: center;
  justify-content: center;
  list-style: none;
  margin: 0;
  padding: 1.5rem 0;
}

.emotion-6 {
  min-width: 200px;
  padding: 0 24px;
  border-left: 1px solid #d9dadd;
  border: 0;
}

.emotion-6:first-of-type,
.emotion-6:last-child {
  border: 0;
}

.emotion-8 {
  padding-left: 16px;
  padding-right: 16px;
  position: relative;
  width: 70%;
  min-width: 230px;
}

.emotion-10 {
  display: -webkit-box;
  display: -webkit-flex;
  display: -ms-flexbox;
  display: flex;
  gap: 0rem;
  -webkit-flex-direction: column;
  -ms-flex-direction: column;
  flex-direction: column;
  -webkit-align-items: normal;
  -webkit-box-align: normal;
  -ms-flex-align: normal;
  align-items: normal;
  -webkit-box-pack: normal;
  -ms-flex-pack: normal;
  -webkit-justify-content: normal;
  justify-content: normal;
  -webkit-box-flex-wrap: nowrap;
  -webkit-flex-wrap: nowrap;
  -ms-flex-wrap: nowrap;
  flex-wrap: nowrap;
}

.emotion-12 {
  display: -webkit-box;
  display: -webkit-flex;
  display: -ms-flexbox;
  display: flex;
  gap: 0rem;
  -webkit-flex-direction: row;
  -ms-flex-direction: row;
  flex-direction: row;
  -webkit-align-items: normal;
  -webkit-box-align: normal;
  -ms-flex-align: normal;
  align-items: normal;
  -webkit-box-pack: normal;
  -ms-flex-pack: normal;
  -webkit-justify-content: normal;
  justify-content: normal;
  -webkit-box-flex-wrap: nowrap;
  -webkit-flex-wrap: nowrap;
  -ms-flex-wrap: nowrap;
  flex-wrap: nowrap;
}

.emotion-14 {
  font-size: 1rem;
  font-family: Inter,sans-serif;
  font-weight: 400;
  letter-spacing: 0;
  line-height: 1.5rem;
  text-transform: none;
  -webkit-text-decoration: none;
  text-decoration: none;
}

.emotion-16 {
  text-align: initial;
  height: 48px;
  display: -webkit-box;
  display: -webkit-flex;
  display: -ms-flexbox;
  display: flex;
  -webkit-flex-direction: column;
  -ms-flex-direction: column;
  flex-direction: column;
  -webkit-box-pack: center;
  -webkit-box-pack: center;
  -ms-flex-pack: center;
  -webkit-justify-content: center;
  justify-content: center;
}

.emotion-19 {
  display: -webkit-box;
  display: -webkit-flex;
  display: -ms-flexbox;
  display: flex;
  max-width: 500px;
  -webkit-align-items: center;
  -webkit-box-align: center;
  -ms-flex-align: center;
  align-items: center;
  font-size: 16px;
  color: #222638;
  margin-right: 4px;
  display: -webkit-inline-box;
  display: -webkit-inline-flex;
  display: -ms-inline-flexbox;
  display: inline-flex;
  -webkit-align-items: center;
  -webkit-box-align: center;
  -ms-flex-align: center;
  align-items: center;
  font-size: 16px;
  color: #222638;
  font-weight: 500;
  margin-right: 4px;
}

.emotion-21 {
  width: 15px;
  margin-right: 0.5rem;
}

.emotion-23 {
  min-width: 200px;
  padding: 0 24px;
  border-left: 1px solid #d9dadd;
}

.emotion-23:first-of-type,
.emotion-23:last-child {
  border: 0;
}

.emotion-25 {
  display: -webkit-box;
  display: -webkit-flex;
  display: -ms-flexbox;
  display: flex;
  gap: 0.5rem;
  -webkit-flex-direction: row;
  -ms-flex-direction: row;
  flex-direction: row;
  -webkit-align-items: center;
  -webkit-box-align: center;
  -ms-flex-align: center;
  align-items: center;
  -webkit-box-pack: normal;
  -ms-flex-pack: normal;
  -webkit-justify-content: normal;
  justify-content: normal;
  -webkit-box-flex-wrap: nowrap;
  -webkit-flex-wrap: nowrap;
  -ms-flex-wrap: nowrap;
  flex-wrap: nowrap;
}

.emotion-27 {
  vertical-align: middle;
  fill: #641cb3;
  height: 1.25rem;
  width: 1.25rem;
  min-width: 1.25rem;
  min-height: 1.25rem;
}

.emotion-27 .fillStroke {
  stroke: #641cb3;
  fill: none;
}

.emotion-29 {
  height: 48px;
  display: -webkit-box;
  display: -webkit-flex;
  display: -ms-flexbox;
  display: flex;
  -webkit-flex-direction: column;
  -ms-flex-direction: column;
  flex-direction: column;
  -webkit-box-pack: center;
  -webkit-box-pack: center;
  -ms-flex-pack: center;
  -webkit-justify-content: center;
  justify-content: center;
}

.emotion-32 {
  display: -webkit-box;
  display: -webkit-flex;
  display: -ms-flexbox;
  display: flex;
  max-width: 500px;
  -webkit-align-items: center;
  -webkit-box-align: center;
  -ms-flex-align: center;
  align-items: center;
  font-size: 16px;
  color: #222638;
  margin-right: 4px;
  display: -webkit-inline-box;
  display: -webkit-inline-flex;
  display: -ms-inline-flexbox;
  display: inline-flex;
  -webkit-align-items: center;
  -webkit-box-align: center;
  -ms-flex-align: center;
  align-items: center;
  font-size: 24px;
  color: #222638;
  font-weight: 500;
  margin-right: 4px;
}

.emotion-38 {
  width: 100%;
  border: 1px solid #d9dadd;
  border-radius: 4px 4px 0 4px;
}

.emotion-38>* {
  margin-top: 0;
}

.emotion-38>*+* {
  margin-top: 16px;
}

.emotion-40 {
  background-color: #ffffff;
}

.emotion-42 {
  display: -webkit-box;
  display: -webkit-flex;
  display: -ms-flexbox;
  display: flex;
  -webkit-align-items: center;
  -webkit-box-align: center;
  -ms-flex-align: center;
  align-items: center;
  padding: 0;
  margin: 0;
  font-size: 18px;
  color: #3f4250;
  font-weight: 500;
  padding: 1rem;
}

.emotion-45 {
  vertical-align: middle;
  fill: #641cb3;
  height: 1.25rem;
  width: 1.25rem;
  min-width: 1.25rem;
  min-height: 1.25rem;
  margin-right: 0.5rem;
}

.emotion-45 .fillStroke {
  stroke: #641cb3;
  fill: none;
}

.emotion-47 {
  padding-left: 16px;
  padding-right: 16px;
  position: relative;
  width: 70%;
  min-width: 230px;
  border-left: 1px solid #d9dadd;
  background-color: #f9f9fa;
  width: 30%;
  min-width: 126px;
  padding: 0;
}

.emotion-49 {
  max-width: 200px;
  padding: 16px;
  -webkit-align-items: start;
  -webkit-box-align: start;
  -ms-flex-align: start;
  align-items: start;
  text-align: left;
  float: right;
}

.emotion-51 {
  display: grid;
  grid-template-columns: 1fr auto;
  -webkit-align-items: normal;
  -webkit-box-align: normal;
  -ms-flex-align: normal;
  align-items: normal;
  -webkit-box-pack: normal;
  -ms-flex-pack: normal;
  -webkit-justify-content: normal;
  justify-content: normal;
}

.emotion-53 input {
  border-radius: 0.25rem 0 0 0.25rem;
  min-width: 60px;
  border-right: 0;
}

.emotion-53 input:hover,
.emotion-53 input:focus {
  -webkit-text-decoration: none;
  text-decoration: none;
  border-right-width: 1px;
  border-right-style: solid;
  border-color: #8c40ef;
}

.emotion-53 input[type='number']::-webkit-inner-spin-button,
.emotion-53 input[type='number']::-webkit-outer-spin-button {
  -webkit-appearance: none;
  margin: 0;
}

.emotion-53 input[type='number'] {
  -moz-appearance: textfield;
}

.emotion-55 {
  position: relative;
}

.emotion-57 {
  -webkit-transition: border-color 0.2s ease,box-shadow 0.2s ease;
  transition: border-color 0.2s ease,box-shadow 0.2s ease;
  -webkit-appearance: none;
  -moz-appearance: none;
  -ms-appearance: none;
  appearance: none;
  background-color: #ffffff;
  background-image: none;
  border: 1px solid #d9dadd;
  border-radius: 0.25rem;
  color: #3f4250;
  display: block;
  max-width: 100%;
  outline: none;
  position: relative;
  width: 100%;
  padding-left: 0.5rem;
  padding-right: 0.5rem;
  padding-top: 14px;
  font-size: 16px;
  line-height: 24px;
  height: 48px;
  padding-left: 8px;
  padding-right: 20px;
  padding-top: 14px;
  padding: 8px;
}

.emotion-57::-webkit-input-placeholder {
  color: #727683;
  opacity: 0;
}

.emotion-57::-moz-placeholder {
  color: #727683;
  opacity: 0;
}

.emotion-57:-ms-input-placeholder {
  color: #727683;
  opacity: 0;
}

.emotion-57::placeholder {
  color: #727683;
  opacity: 0;
}

.emotion-57:hover,
.emotion-57:focus {
  border-color: #792dd4;
}

.emotion-57:focus {
  box-shadow: 0px 0px 0px 3px #8c40ef40;
  border-color: #792dd4;
}

.emotion-57::-webkit-input-placeholder {
  opacity: 1;
}

.emotion-57::-moz-placeholder {
  opacity: 1;
}

.emotion-57:-ms-input-placeholder {
  opacity: 1;
}

.emotion-57::placeholder {
  opacity: 1;
}

.emotion-59 {
  height: auto;
}

.emotion-59[data-is-animated="true"] {
  -webkit-transition: max-height 300ms ease-out,opacity 300ms ease-out;
  transition: max-height 300ms ease-out,opacity 300ms ease-out;
}

.emotion-61 {
  font-size: 12px;
  color: #b3144d;
  padding-top: 0.125rem;
}

.emotion-65 {
  width: 100%;
  position: relative;
  box-sizing: border-box;
  height: 40px;
  height: 40px;
}

.emotion-65:hover,
.emotion-65:focus {
  -webkit-text-decoration: none;
  text-decoration: none;
  border-color: #8c40ef;
  box-shadow: none;
}

.emotion-65:hover,
.emotion-65:focus {
  -webkit-text-decoration: none;
  text-decoration: none;
  border-color: #8c40ef;
  box-shadow: none;
}

.emotion-67 {
  z-index: 9999;
  border: 0;
  clip: rect(1px, 1px, 1px, 1px);
  height: 1px;
  width: 1px;
  position: absolute;
  overflow: hidden;
  padding: 0;
  white-space: nowrap;
}

.emotion-69 {
  -webkit-align-items: center;
  -webkit-box-align: center;
  -ms-flex-align: center;
  align-items: center;
  cursor: pointer;
  display: -webkit-box;
  display: -webkit-flex;
  display: -ms-flexbox;
  display: flex;
  -webkit-box-flex-wrap: wrap;
  -webkit-flex-wrap: wrap;
  -ms-flex-wrap: wrap;
  flex-wrap: wrap;
  -webkit-box-pack: justify;
  -webkit-justify-content: space-between;
  justify-content: space-between;
  min-height: 40px;
  outline: 0!important;
  position: relative;
  -webkit-transition: border-color 200ms ease,box-shadow 200ms ease;
  transition: border-color 200ms ease,box-shadow 200ms ease;
  background-color: #ffffff;
  border-color: #d9dadd;
  border-radius: 4px;
  border-style: solid;
  border-width: 1px;
  box-shadow: none;
  box-sizing: border-box;
  color: #3f4250;
  font-size: 16px;
  font-weight: 500;
  line-height: 24px;
  border-bottom-left-radius: 0;
  border-top-left-radius: 0;
  height: 40px;
  -webkit-animation: none;
  animation: none;
}

.emotion-69:hover {
  border-color: hsl(0, 0%, 70%);
}

.emotion-69:focus-within {
  border-color: #8c40ef;
  box-shadow: 0px 0px 0px 3px #8c40ef40;
}

.emotion-69:hover {
  border-color: #792dd4;
}

.emotion-70 {
  -webkit-align-items: center;
  -webkit-box-align: center;
  -ms-flex-align: center;
  align-items: center;
  display: grid;
  -webkit-flex: 1;
  -ms-flex: 1;
  flex: 1;
  -webkit-box-flex-wrap: wrap;
  -webkit-flex-wrap: wrap;
  -ms-flex-wrap: wrap;
  flex-wrap: wrap;
  -webkit-overflow-scrolling: touch;
  position: relative;
  overflow: hidden;
  padding: 2px 8px;
  box-sizing: border-box;
  height: 100%;
  padding-top: 0;
}

.emotion-70 label {
  display: none;
}

.emotion-71 {
  position: absolute;
  left: 0;
  font-weight: 400;
  pointer-events: none;
  color: #3f4250;
  white-space: nowrap;
  width: 100%;
  height: 100%;
  font-size: 16px;
  -webkit-transition: -webkit-transform 250ms ease;
  transition: transform 250ms ease;
  opacity: 0;
  -webkit-transform: translate(0, -8px) scale(0.8);
  -moz-transform: translate(0, -8px) scale(0.8);
  -ms-transform: translate(0, -8px) scale(0.8);
  transform: translate(0, -8px) scale(0.8);
  transform-origin: left;
  padding-left: 8px;
  left: 0;
  top: 2px;
  opacity: 1;
}

.emotion-73 {
  grid-area: 1/1/2/3;
  max-width: 100%;
  overflow: hidden;
  text-overflow: ellipsis;
  white-space: nowrap;
  color: #3f4250;
  margin-left: 0;
  margin-right: 0;
  box-sizing: border-box;
  margin-top: 0;
  padding-left: 0;
}

.emotion-74 {
  visibility: visible;
  -webkit-flex: 1 1 auto;
  -ms-flex: 1 1 auto;
  flex: 1 1 auto;
  display: inline-grid;
  grid-area: 1/1/2/3;
  grid-template-columns: 0 min-content;
  margin: 2px;
  padding-bottom: 2px;
  padding-top: 0;
  color: hsl(0, 0%, 20%);
  box-sizing: border-box;
  -webkit-box-flex: 1;
  -webkit-flex-grow: 1;
  -ms-flex-positive: 1;
  flex-grow: 1;
  margin-left: 0;
  margin-left: 0px;
  caret-color: transparent;
}

.emotion-74:after {
  content: attr(data-value) " ";
  visibility: hidden;
  white-space: pre;
  grid-area: 1/2;
  font: inherit;
  min-width: 2px;
  border: 0;
  margin: 0;
  outline: 0;
  padding: 0;
}

.emotion-75 {
  -webkit-align-items: center;
  -webkit-box-align: center;
  -ms-flex-align: center;
  align-items: center;
  -webkit-align-self: stretch;
  -ms-flex-item-align: stretch;
  align-self: stretch;
  display: -webkit-box;
  display: -webkit-flex;
  display: -ms-flexbox;
  display: flex;
  -webkit-flex-shrink: 0;
  -ms-flex-negative: 0;
  flex-shrink: 0;
  box-sizing: border-box;
  max-height: 48px;
}

.emotion-76 {
  -webkit-align-self: stretch;
  -ms-flex-item-align: stretch;
  align-self: stretch;
  width: 1px;
  background-color: #d9dadd;
  margin-bottom: 8px;
  margin-top: 8px;
  box-sizing: border-box;
  display: none;
}

.emotion-77 {
  display: -webkit-box;
  display: -webkit-flex;
  display: -ms-flexbox;
  display: flex;
  -webkit-transition: color 150ms;
  transition: color 150ms;
  color: hsl(0, 0%, 80%);
  padding: 8px;
  box-sizing: border-box;
}

.emotion-77:hover {
  color: hsl(0, 0%, 60%);
}

.emotion-80 {
  vertical-align: middle;
  fill: currentColor;
  height: 1rem;
  width: 1rem;
  min-width: 1rem;
  min-height: 1rem;
}

.emotion-80 .fillStroke {
  stroke: currentColor;
  fill: none;
}

.emotion-84 {
  font-size: 12px;
  color: #b3144d;
  padding-top: 0.125rem;
}

.emotion-88 {
  padding-left: 16px;
  padding-right: 16px;
  position: relative;
  width: 70%;
  min-width: 230px;
}

.emotion-90 {
  display: -webkit-box;
  display: -webkit-flex;
  display: -ms-flexbox;
  display: flex;
  -webkit-flex-direction: row;
  -ms-flex-direction: row;
  flex-direction: row;
  -webkit-box-pack: justify;
  -webkit-box-pack: justify;
  -webkit-justify-content: space-between;
  justify-content: space-between;
  -webkit-align-items: center;
  -webkit-box-align: center;
  -ms-flex-align: center;
  align-items: center;
  min-height: 56px;
  padding-top: 8px;
  padding-bottom: 8px;
}

.emotion-98 {
  text-align: right;
}

.emotion-101 {
  display: -webkit-inline-box;
  display: -webkit-inline-flex;
  display: -ms-inline-flexbox;
  display: inline-flex;
  max-width: 500px;
  -webkit-align-items: center;
  -webkit-box-align: center;
  -ms-flex-align: center;
  align-items: center;
  font-size: 16px;
  color: #222638;
  margin-right: 4px;
  display: -webkit-inline-box;
  display: -webkit-inline-flex;
  display: -ms-inline-flexbox;
  display: inline-flex;
  -webkit-align-items: center;
  -webkit-box-align: center;
  -ms-flex-align: center;
  align-items: center;
  font-size: 16px;
  color: #222638;
  font-weight: 500;
  margin-right: 4px;
}

.emotion-105 {
  padding-left: 16px;
  padding-right: 16px;
  position: relative;
  width: 70%;
  min-width: 230px;
  border-left: 1px solid #d9dadd;
  background-color: #f9f9fa;
  width: 30%;
  min-width: 126px;
}

.emotion-108 {
  color: #727683;
  font-size: 1rem;
  font-family: Inter,sans-serif;
  font-weight: 500;
  letter-spacing: 0;
  line-height: 1.5rem;
  text-transform: none;
  -webkit-text-decoration: none;
  text-decoration: none;
  text-align: right;
}

.emotion-110 {
  margin: 0;
  width: 100%;
  border-right: 1px solid #d9dadd;
  border-radius: 0 0 0.25rem 0.25rem;
}

.emotion-114 {
  width: 70%;
}

.emotion-116 {
  padding-left: 16px;
  padding-right: 16px;
  position: relative;
  width: 70%;
  min-width: 230px;
  border-color: #d9dadd;
  border-style: solid;
  border-width: 0 1px 1px 1px;
  border-right: none;
  border-radius: 0 0 0.25rem 0.25rem;
  height: 56px;
  background-color: #f1eefc;
  width: 30%;
  min-width: 126px;
}

.emotion-119 {
  color: #641cb3;
  font-size: 1.5625rem;
  font-family: Space Grotesk,sans-serif;
  font-weight: 400;
  letter-spacing: 0;
  line-height: 2rem;
  text-transform: none;
  -webkit-text-decoration: none;
  text-decoration: none;
  text-align: right;
}

<div
    data-testid="testing"
  >
    <div
      class="emotion-0 emotion-1"
    >
      <div
        class="emotion-2 emotion-3"
        data-testid="summary-overlay"
      >
        <ul
          class="emotion-4 emotion-5"
        >
          <li
            class="emotion-6 emotion-7"
          >
            <div
              class="emotion-8 emotion-9"
              width="inherit"
            >
              <div>
                <div
                  class="emotion-10 emotion-1"
                >
                  <div
                    class="emotion-12 emotion-1"
                  >
                    <p
                      class="emotion-14 emotion-15"
                    >
                      Region
                    </p>
                  </div>
                </div>
                <div
                  class="emotion-16 emotion-17"
                >
                  <div
                    class="emotion-18 emotion-19 emotion-20"
                  >
                    <img
                      alt="nl-ams"
                      class="emotion-21 emotion-22"
                      src="data:image/svg+xml,%3csvg%20xmlns='http://www.w3.org/2000/svg'%20fill='none'%20viewBox='0%200%2024%2024'%3e%3cpath%20fill='%23F0F0F0'%20d='M12%2024c6.627%200%2012-5.373%2012-12S18.627%200%2012%200%200%205.373%200%2012s5.373%2012%2012%2012'/%3e%3cpath%20fill='%23D80027'%20d='M24%2012c0-5.16-3.256-9.558-7.826-11.254v22.508C20.744%2021.558%2024%2017.16%2024%2012'/%3e%3cpath%20fill='%230052B4'%20d='M0%2012c0%205.16%203.257%209.558%207.826%2011.254V.746C3.256%202.442%200%206.84%200%2012'/%3e%3c/svg%3e"
                    />
                    nl-ams
                  </div>
                </div>
              </div>
            </div>
          </li>
          <li
            class="emotion-23 emotion-7"
          >
            <div
              class="emotion-25 emotion-1"
            >
              <svg
                class="emotion-27 emotion-28"
                viewBox="0 0 20 20"
              >
                <path
                  clip-rule="evenodd"
                  d="M10.0001 2C8.47441 2 6.97037 2.09378 5.49343 2.27596C4.49409 2.39923 3.77783 3.25665 3.77783 4.23699V16C3.77783 17.1046 4.67326 18 5.77783 18H14.2223C15.3268 18 16.2223 17.1046 16.2223 16V4.23699C16.2223 3.25666 15.506 2.39923 14.5067 2.27596C13.0297 2.09378 11.5257 2 10.0001 2ZM6.43582 8.88889C6.43582 8.5207 6.73429 8.22222 7.10248 8.22222H7.11137C7.47956 8.22222 7.77804 8.5207 7.77804 8.88889V8.89778C7.77804 9.26597 7.47956 9.56444 7.11137 9.56444H7.10248C6.73429 9.56444 6.43582 9.26597 6.43582 8.89778V8.88889ZM7.10248 10.1481C6.73429 10.1481 6.43582 10.4466 6.43582 10.8148V10.8237C6.43582 11.1919 6.73429 11.4903 7.10248 11.4903H7.11137C7.47956 11.4903 7.77804 11.1919 7.77804 10.8237V10.8148C7.77804 10.4466 7.47956 10.1481 7.11137 10.1481H7.10248ZM6.43582 12.7407C6.43582 12.3725 6.73429 12.074 7.10248 12.074H7.11137C7.47956 12.074 7.77804 12.3725 7.77804 12.7407V12.7496C7.77804 13.1177 7.47956 13.4162 7.11137 13.4162H7.10248C6.73429 13.4162 6.43582 13.1177 6.43582 12.7496V12.7407ZM7.10248 13.9999C6.73429 13.9999 6.43582 14.2984 6.43582 14.6666V14.6754C6.43582 15.0436 6.73429 15.3421 7.10248 15.3421H7.11137C7.47956 15.3421 7.77804 15.0436 7.77804 14.6754V14.6666C7.77804 14.2984 7.47956 13.9999 7.11137 13.9999H7.10248ZM8.36175 8.88889C8.36175 8.5207 8.66023 8.22222 9.02842 8.22222H9.0373C9.40549 8.22222 9.70397 8.5207 9.70397 8.88889V8.89778C9.70397 9.26597 9.40549 9.56444 9.0373 9.56444H9.02842C8.66023 9.56444 8.36175 9.26597 8.36175 8.89778V8.88889ZM9.02842 10.1481C8.66023 10.1481 8.36175 10.4466 8.36175 10.8148V10.8237C8.36175 11.1919 8.66023 11.4903 9.02842 11.4903H9.0373C9.40549 11.4903 9.70397 11.1919 9.70397 10.8237V10.8148C9.70397 10.4466 9.40549 10.1481 9.0373 10.1481H9.02842ZM8.36175 12.7407C8.36175 12.3725 8.66023 12.074 9.02842 12.074H9.0373C9.40549 12.074 9.70397 12.3725 9.70397 12.7407V12.7496C9.70397 13.1177 9.40549 13.4162 9.0373 13.4162H9.02842C8.66023 13.4162 8.36175 13.1177 8.36175 12.7496V12.7407ZM9.02842 13.9999C8.66023 13.9999 8.36175 14.2984 8.36175 14.6666V14.6754C8.36175 15.0436 8.66023 15.3421 9.02842 15.3421H9.0373C9.40549 15.3421 9.70397 15.0436 9.70397 14.6754V14.6666C9.70397 14.2984 9.40549 13.9999 9.0373 13.9999H9.02842ZM10.2906 8.88889C10.2906 8.5207 10.5891 8.22222 10.9573 8.22222H10.9662C11.3344 8.22222 11.6329 8.5207 11.6329 8.88889V8.89778C11.6329 9.26597 11.3344 9.56444 10.9662 9.56444H10.9573C10.5891 9.56444 10.2906 9.26597 10.2906 8.89778V8.88889ZM10.9573 10.1481C10.5891 10.1481 10.2906 10.4466 10.2906 10.8148V10.8237C10.2906 11.1919 10.5891 11.4903 10.9573 11.4903H10.9662C11.3344 11.4903 11.6329 11.1919 11.6329 10.8237V10.8148C11.6329 10.4466 11.3344 10.1481 10.9662 10.1481H10.9573ZM10.2906 12.7407C10.2906 12.3725 10.5891 12.074 10.9573 12.074H10.9662C11.3344 12.074 11.6329 12.3725 11.6329 12.7407V12.7496C11.6329 13.1177 11.3344 13.4162 10.9662 13.4162H10.9573C10.5891 13.4162 10.2906 13.1177 10.2906 12.7496V12.7407ZM10.9573 13.9999C10.5891 13.9999 10.2906 14.2984 10.2906 14.6666V14.6754C10.2906 15.0436 10.5891 15.3421 10.9573 15.3421H10.9662C11.3344 15.3421 11.6329 15.0436 11.6329 14.6754V14.6666C11.6329 14.2984 11.3344 13.9999 10.9662 13.9999H10.9573ZM12.2225 8.88889C12.2225 8.5207 12.521 8.22222 12.8892 8.22222H12.898C13.2662 8.22222 13.5647 8.5207 13.5647 8.88889V8.89778C13.5647 9.26597 13.2662 9.56444 12.898 9.56444H12.8892C12.521 9.56444 12.2225 9.26597 12.2225 8.89778V8.88889ZM12.8892 10.1481C12.521 10.1481 12.2225 10.4466 12.2225 10.8148V10.8237C12.2225 11.1919 12.521 11.4903 12.8892 11.4903H12.898C13.2662 11.4903 13.5647 11.1919 13.5647 10.8237V10.8148C13.5647 10.4466 13.2662 10.1481 12.898 10.1481H12.8892ZM12.8892 12.0741C13.2573 12.0741 13.5558 12.3726 13.5558 12.7408V14.6667C13.5558 15.0349 13.2573 15.3334 12.8892 15.3334C12.521 15.3334 12.2225 15.0349 12.2225 14.6667V12.7408C12.2225 12.3726 12.521 12.0741 12.8892 12.0741ZM7.11117 4.66667C6.74298 4.66667 6.4445 4.96514 6.4445 5.33333V5.77778C6.4445 6.14597 6.74298 6.44444 7.11117 6.44444H12.8889C13.2571 6.44444 13.5556 6.14597 13.5556 5.77778V5.33333C13.5556 4.96514 13.2571 4.66667 12.8889 4.66667H7.11117Z"
                  fill-rule="evenodd"
                />
              </svg>
              Estimated cost
            </div>
            <div
              class="emotion-29 emotion-30"
            >
              <div
                class="emotion-18 emotion-32 emotion-20"
              >
                <span
                  class="emotion-34 emotion-35"
                >
                  €0.00/Hour(s)
                </span>
              </div>
            </div>
          </li>
        </ul>
      </div>
      <span
        class="emotion-14 emotion-15"
      >
        This summary provides a cost estimation based on your configuration, the amount of time you expect to use the resource for, and the scale of your expected usage. For the purposes of this calculation, we consider that 1 month equals to 730 hours.
      </span>
      <div>
        <table
          cellpadding="0"
          cellspacing="0"
          class="emotion-38 emotion-304"
          data-testid="summary"
        >
          <colgroup>
            <col />
            <col
              class="emotion-40 emotion-302"
            />
          </colgroup>
          <thead>
            <tr>
              <th>
                <h3
                  class="emotion-42 emotion-43"
                >
                  <svg
                    class="emotion-44 emotion-45 emotion-28"
                    viewBox="0 0 20 20"
                  >
                    <path
                      clip-rule="evenodd"
                      d="M10.0001 2C8.47441 2 6.97037 2.09378 5.49343 2.27596C4.49409 2.39923 3.77783 3.25665 3.77783 4.23699V16C3.77783 17.1046 4.67326 18 5.77783 18H14.2223C15.3268 18 16.2223 17.1046 16.2223 16V4.23699C16.2223 3.25666 15.506 2.39923 14.5067 2.27596C13.0297 2.09378 11.5257 2 10.0001 2ZM6.43582 8.88889C6.43582 8.5207 6.73429 8.22222 7.10248 8.22222H7.11137C7.47956 8.22222 7.77804 8.5207 7.77804 8.88889V8.89778C7.77804 9.26597 7.47956 9.56444 7.11137 9.56444H7.10248C6.73429 9.56444 6.43582 9.26597 6.43582 8.89778V8.88889ZM7.10248 10.1481C6.73429 10.1481 6.43582 10.4466 6.43582 10.8148V10.8237C6.43582 11.1919 6.73429 11.4903 7.10248 11.4903H7.11137C7.47956 11.4903 7.77804 11.1919 7.77804 10.8237V10.8148C7.77804 10.4466 7.47956 10.1481 7.11137 10.1481H7.10248ZM6.43582 12.7407C6.43582 12.3725 6.73429 12.074 7.10248 12.074H7.11137C7.47956 12.074 7.77804 12.3725 7.77804 12.7407V12.7496C7.77804 13.1177 7.47956 13.4162 7.11137 13.4162H7.10248C6.73429 13.4162 6.43582 13.1177 6.43582 12.7496V12.7407ZM7.10248 13.9999C6.73429 13.9999 6.43582 14.2984 6.43582 14.6666V14.6754C6.43582 15.0436 6.73429 15.3421 7.10248 15.3421H7.11137C7.47956 15.3421 7.77804 15.0436 7.77804 14.6754V14.6666C7.77804 14.2984 7.47956 13.9999 7.11137 13.9999H7.10248ZM8.36175 8.88889C8.36175 8.5207 8.66023 8.22222 9.02842 8.22222H9.0373C9.40549 8.22222 9.70397 8.5207 9.70397 8.88889V8.89778C9.70397 9.26597 9.40549 9.56444 9.0373 9.56444H9.02842C8.66023 9.56444 8.36175 9.26597 8.36175 8.89778V8.88889ZM9.02842 10.1481C8.66023 10.1481 8.36175 10.4466 8.36175 10.8148V10.8237C8.36175 11.1919 8.66023 11.4903 9.02842 11.4903H9.0373C9.40549 11.4903 9.70397 11.1919 9.70397 10.8237V10.8148C9.70397 10.4466 9.40549 10.1481 9.0373 10.1481H9.02842ZM8.36175 12.7407C8.36175 12.3725 8.66023 12.074 9.02842 12.074H9.0373C9.40549 12.074 9.70397 12.3725 9.70397 12.7407V12.7496C9.70397 13.1177 9.40549 13.4162 9.0373 13.4162H9.02842C8.66023 13.4162 8.36175 13.1177 8.36175 12.7496V12.7407ZM9.02842 13.9999C8.66023 13.9999 8.36175 14.2984 8.36175 14.6666V14.6754C8.36175 15.0436 8.66023 15.3421 9.02842 15.3421H9.0373C9.40549 15.3421 9.70397 15.0436 9.70397 14.6754V14.6666C9.70397 14.2984 9.40549 13.9999 9.0373 13.9999H9.02842ZM10.2906 8.88889C10.2906 8.5207 10.5891 8.22222 10.9573 8.22222H10.9662C11.3344 8.22222 11.6329 8.5207 11.6329 8.88889V8.89778C11.6329 9.26597 11.3344 9.56444 10.9662 9.56444H10.9573C10.5891 9.56444 10.2906 9.26597 10.2906 8.89778V8.88889ZM10.9573 10.1481C10.5891 10.1481 10.2906 10.4466 10.2906 10.8148V10.8237C10.2906 11.1919 10.5891 11.4903 10.9573 11.4903H10.9662C11.3344 11.4903 11.6329 11.1919 11.6329 10.8237V10.8148C11.6329 10.4466 11.3344 10.1481 10.9662 10.1481H10.9573ZM10.2906 12.7407C10.2906 12.3725 10.5891 12.074 10.9573 12.074H10.9662C11.3344 12.074 11.6329 12.3725 11.6329 12.7407V12.7496C11.6329 13.1177 11.3344 13.4162 10.9662 13.4162H10.9573C10.5891 13.4162 10.2906 13.1177 10.2906 12.7496V12.7407ZM10.9573 13.9999C10.5891 13.9999 10.2906 14.2984 10.2906 14.6666V14.6754C10.2906 15.0436 10.5891 15.3421 10.9573 15.3421H10.9662C11.3344 15.3421 11.6329 15.0436 11.6329 14.6754V14.6666C11.6329 14.2984 11.3344 13.9999 10.9662 13.9999H10.9573ZM12.2225 8.88889C12.2225 8.5207 12.521 8.22222 12.8892 8.22222H12.898C13.2662 8.22222 13.5647 8.5207 13.5647 8.88889V8.89778C13.5647 9.26597 13.2662 9.56444 12.898 9.56444H12.8892C12.521 9.56444 12.2225 9.26597 12.2225 8.89778V8.88889ZM12.8892 10.1481C12.521 10.1481 12.2225 10.4466 12.2225 10.8148V10.8237C12.2225 11.1919 12.521 11.4903 12.8892 11.4903H12.898C13.2662 11.4903 13.5647 11.1919 13.5647 10.8237V10.8148C13.5647 10.4466 13.2662 10.1481 12.898 10.1481H12.8892ZM12.8892 12.0741C13.2573 12.0741 13.5558 12.3726 13.5558 12.7408V14.6667C13.5558 15.0349 13.2573 15.3334 12.8892 15.3334C12.521 15.3334 12.2225 15.0349 12.2225 14.6667V12.7408C12.2225 12.3726 12.521 12.0741 12.8892 12.0741ZM7.11117 4.66667C6.74298 4.66667 6.4445 4.96514 6.4445 5.33333V5.77778C6.4445 6.14597 6.74298 6.44444 7.11117 6.44444H12.8889C13.2571 6.44444 13.5556 6.14597 13.5556 5.77778V5.33333C13.5556 4.96514 13.2571 4.66667 12.8889 4.66667H7.11117Z"
                      fill-rule="evenodd"
                    />
                  </svg>
                  Estimated cost
                </h3>
              </th>
              <th
                class="emotion-47 emotion-48"
              >
                <div
                  class="emotion-49 emotion-50"
                >
                  <div
                    class="emotion-51 emotion-52"
                  >
                    <div
                      class="emotion-53 emotion-54"
                    >
                      <div
                        class="emotion-55 emotion-56"
                      >
                        <input
                          autocomplete="on"
                          class="emotion-57 emotion-58"
                          max="99999"
                          min="1"
                          name="iteration-value"
                          placeholder="0"
                          style="height: 40px;"
                          type="number"
                          value="1"
                        />
                      </div>
                      <div
                        class="emotion-59 emotion-60"
                        data-is-animated="true"
                      >
                        <div
                          class="emotion-61 emotion-62"
                        />
                      </div>
                    </div>
                    <div
                      class="emotion-63 emotion-63 emotion-65 emotion-66"
                      data-testid="select-input-iteration-unit"
                    >
                      <span
                        class="emotion-67"
                        id="react-select-2-live-region"
                      />
                      <span
                        aria-atomic="false"
                        aria-live="polite"
                        aria-relevant="additions text"
                        class="emotion-67"
                        role="log"
                      />
                      <div
                        class="emotion-69"
                      >
                        <div
                          class="emotion-70"
                        >
                          <label
                            aria-live="assertive"
                            as="label"
                            class="emotion-71 emotion-72"
                            for="«r3»"
                          >
                            Select...
                          </label>
                          <div
                            class="emotion-73"
                          >
                            Hour(s)
                          </div>
                          <div
                            class="emotion-74"
                            data-value=""
                          >
                            <input
                              aria-activedescendant=""
                              aria-autocomplete="list"
                              aria-expanded="false"
                              aria-haspopup="true"
                              autocapitalize="none"
                              autocomplete="off"
                              autocorrect="off"
                              class=""
                              id="«r3»"
                              role="combobox"
                              spellcheck="false"
                              style="opacity: 1; width: 100%; grid-area: 1 / 2; min-width: 2px; border: 0px; margin: 0px; outline: 0; padding: 0px;"
                              tabindex="0"
                              type="text"
                              value=""
                            />
                          </div>
                        </div>
                        <div
                          class="emotion-75"
                        >
                          <span
                            class="emotion-76"
                          />
                          <div
                            aria-hidden="true"
                            class="emotion-77"
                          >
                            <div
                              class="emotion-25 emotion-1"
                            >
                              <svg
                                class="emotion-80 emotion-28"
                                viewBox="0 0 16 16"
                              >
                                <path
                                  clip-rule="evenodd"
                                  d="M4.22 6.22a.75.75 0 0 1 1.06 0L8 8.94l2.72-2.72a.75.75 0 1 1 1.06 1.06l-3.25 3.25a.75.75 0 0 1-1.06 0L4.22 7.28a.75.75 0 0 1 0-1.06"
                                  fill-rule="evenodd"
                                />
                              </svg>
                            </div>
                          </div>
                        </div>
                      </div>
                      <input
                        name="iteration-unit"
                        type="hidden"
                        value="hours"
                      />
                      <div
                        class="emotion-59 emotion-60"
                        data-is-animated="true"
                      >
                        <div
                          class="emotion-84 emotion-85"
                        />
                      </div>
                    </div>
                  </div>
                </div>
              </th>
            </tr>
          </thead>
          <tbody>
            <tr
              class="emotion-86 emotion-87"
            >
              <td
                class="emotion-88 emotion-301"
                width="70%"
              >
                <div
                  class="emotion-90 emotion-91"
                >
                  <div
                    class="emotion-10 emotion-1"
                  >
                    <div
                      class="emotion-12 emotion-1"
                    >
                      <p
                        class="emotion-14 emotion-15"
                      >
                        Region
                      </p>
                    </div>
                  </div>
                  <div
                    class="emotion-98 emotion-17"
                  >
                    <div
                      class="emotion-18 emotion-101 emotion-20"
                    >
                      <img
                        alt="nl-ams"
                        class="emotion-21 emotion-22"
                        src="data:image/svg+xml,%3csvg%20xmlns='http://www.w3.org/2000/svg'%20fill='none'%20viewBox='0%200%2024%2024'%3e%3cpath%20fill='%23F0F0F0'%20d='M12%2024c6.627%200%2012-5.373%2012-12S18.627%200%2012%200%200%205.373%200%2012s5.373%2012%2012%2012'/%3e%3cpath%20fill='%23D80027'%20d='M24%2012c0-5.16-3.256-9.558-7.826-11.254v22.508C20.744%2021.558%2024%2017.16%2024%2012'/%3e%3cpath%20fill='%230052B4'%20d='M0%2012c0%205.16%203.257%209.558%207.826%2011.254V.746C3.256%202.442%200%206.84%200%2012'/%3e%3c/svg%3e"
                      />
                      nl-ams
                    </div>
                  </div>
                </div>
              </td>
              <td
                class="emotion-105 emotion-106"
              >
                <p
                  class="emotion-107 emotion-108 emotion-15"
                >
                  €0.00
                </p>
              </td>
            </tr>
          </tbody>
        </table>
        <table
          cellpadding="0"
          cellspacing="0"
          class="emotion-110 emotion-111"
        >
          <colgroup>
            <col />
            <col
              class="emotion-40 emotion-302"
            />
          </colgroup>
          <tbody>
            <tr>
              <td
                aria-label="control"
                class="emotion-114 emotion-115"
              />
              <td
                class="emotion-116 emotion-300"
              >
                <h3
                  class="emotion-118 emotion-119 emotion-15"
                >
                  <span
                    class="emotion-34 emotion-35"
                  >
                    €0.00
                  </span>
                </h3>
              </td>
            </tr>
          </tbody>
        </table>
      </div>
    </div>
  </div>
</DocumentFragment>
`;
