// Vitest Snapshot v1, https://vitest.dev/guide/snapshot.html

exports[`responsive utilities > down > should return null when unknown size 1`] = `""`;

exports[`responsive utilities > down > works with large 1`] = `"@media (max-width: calc(1440px - 1px)) { border: 1px solid red; }"`;

exports[`responsive utilities > down > works with medium 1`] = `"@media (max-width: calc(1280px - 1px)) { border: 1px solid red; }"`;

exports[`responsive utilities > down > works with small 1`] = `"@media (max-width: calc(1080px - 1px)) { border: 1px solid red; }"`;

exports[`responsive utilities > down > works with xlarge 1`] = `"@media (max-width: calc(1800px - 1px)) { border: 1px solid red; }"`;

exports[`responsive utilities > down > works with xsmall 1`] = `"@media (max-width: calc(720px - 1px)) { border: 1px solid red; }"`;

exports[`responsive utilities > down > works with xxsmall 1`] = `"@media (max-width: calc(320px - 1px)) { border: 1px solid red; }"`;

exports[`responsive utilities > up > should return null when unknown size 1`] = `""`;

exports[`responsive utilities > up > works with large 1`] = `"@media (min-width: 1440pxpx) { border: 1px solid red; }"`;

exports[`responsive utilities > up > works with medium 1`] = `"@media (min-width: 1280pxpx) { border: 1px solid red; }"`;

exports[`responsive utilities > up > works with small 1`] = `"@media (min-width: 1080pxpx) { border: 1px solid red; }"`;

exports[`responsive utilities > up > works with xlarge 1`] = `"@media (min-width: 1800pxpx) { border: 1px solid red; }"`;

exports[`responsive utilities > up > works with xsmall 1`] = `"@media (min-width: 720pxpx) { border: 1px solid red; }"`;

exports[`responsive utilities > up > works with xxsmall 1`] = `"@media (min-width: 320pxpx) { border: 1px solid red; }"`;
