// Vitest Snapshot v1, https://vitest.dev/guide/snapshot.html

exports[`Avatar > renders correctly with custom background color 1`] = `
<DocumentFragment>
  .emotion-0 {
  height: 32px;
  width: 32px;
}

.emotion-2 {
  -webkit-align-items: center;
  -webkit-box-align: center;
  -ms-flex-align: center;
  align-items: center;
  background-color: #FFFFFF;
  border-radius: 100%;
  color: #ffffff;
  font-size: 10px;
  display: -webkit-box;
  display: -webkit-flex;
  display: -ms-flexbox;
  display: flex;
  height: 100%;
  -webkit-box-pack: center;
  -ms-flex-pack: center;
  -webkit-justify-content: center;
  justify-content: center;
  width: 100%;
}

<div
    data-testid="testing"
  >
    <div
      class="emotion-0 emotion-1"
      size="32"
    >
      <span
        class="emotion-2 emotion-3"
      >
        HW
      </span>
    </div>
  </div>
</DocumentFragment>
`;

exports[`Avatar > renders correctly with custom text color 1`] = `
<DocumentFragment>
  .emotion-0 {
  height: 32px;
  width: 32px;
}

.emotion-2 {
  -webkit-align-items: center;
  -webkit-box-align: center;
  -ms-flex-align: center;
  align-items: center;
  background-color: #b824f9;
  border-radius: 100%;
  color: #FFFFFF;
  font-size: 10px;
  display: -webkit-box;
  display: -webkit-flex;
  display: -ms-flexbox;
  display: flex;
  height: 100%;
  -webkit-box-pack: center;
  -ms-flex-pack: center;
  -webkit-justify-content: center;
  justify-content: center;
  width: 100%;
}

<div
    data-testid="testing"
  >
    <div
      class="emotion-0 emotion-1"
      size="32"
    >
      <span
        class="emotion-2 emotion-3"
      >
        HW
      </span>
    </div>
  </div>
</DocumentFragment>
`;

exports[`Avatar > renders correctly with default props 1`] = `
<DocumentFragment>
  .emotion-0 {
  height: 32px;
  width: 32px;
}

<div
    data-testid="testing"
  >
    <div
      class="emotion-0 emotion-1"
      size="32"
    >
      <img
        alt=""
        height="100%"
        src="data:image/svg+xml,%3csvg%20xmlns='http://www.w3.org/2000/svg'%20viewBox='0%200%2032%2032'%3e%3cg%20fill='none'%20fill-rule='evenodd'%3e%3cpath%20fill='%23EEF'%20d='m18.592.849%2011.59%208.488a4.46%204.46%200%200%201%201.602%204.969L27.357%2028.04a4.41%204.41%200%200%201-4.194%203.071H8.837a4.41%204.41%200%200%201-4.194-3.07L.216%2014.305a4.46%204.46%200%200%201%201.602-4.97L13.408.85a4.38%204.38%200%200%201%205.184%200z'/%3e%3cg%20fill-rule='nonzero'%3e%3cpath%20fill='%234F0599'%20d='M7.345%2019.765a9.1%209.1%200%200%200%205.87%205.883l-.154%201a10.1%2010.1%200%200%201-6.717-6.734zm17.293.053.998.161a10.1%2010.1%200%200%201-6.697%206.67l-.154-1a9.1%209.1%200%200%200%205.853-5.83zM13.04%207.358l.158%201a9.1%209.1%200%200%200-5.853%205.877l-1-.15a10.1%2010.1%200%200%201%206.695-6.727m5.92%200a10.1%2010.1%200%200%201%206.676%206.663l-.998.16a9.1%209.1%200%200%200-5.836-5.824z'/%3e%3cpath%20fill='%23AE5CFF'%20d='m13.422%2021.007.988.152-.783%205.097.067.01a17%2017%200%200%200%201.718.141l.588.01c.788%200%201.561-.051%202.306-.15l.066-.011-.783-5.097.989-.151.86%205.592a.5.5%200%200%201-.412.569%2018%2018%200%200%201-3.026.248%2018%2018%200%200%201-3.027-.248.5.5%200%200%201-.416-.48l.006-.09zm12.747-7.075c.164.981.248%202.012.248%203.068s-.084%202.087-.248%203.068a.5.5%200%200%201-.483.418l-.09-.007-5.592-.902.16-.987%205.091.821.011-.07c.075-.566.122-1.15.141-1.743l.01-.598c0-.8-.051-1.586-.15-2.342l-.012-.07-5.092.822-.16-.988%205.593-.902a.5.5%200%200%201%20.573.412m-19.86-.349.089.005%205.592.834-.147.989-5.1-.761-.01.065a17%2017%200%200%200-.14%201.703l-.01.582c0%20.78.051%201.546.15%202.285l.01.063%205.1-.759.147.989-5.592.834a.5.5%200%200%201-.567-.41A18%2018%200%200%201%205.583%2017c0-1.032.084-2.04.248-3.001a.5.5%200%200%201%20.478-.416m9.691-7c1.049%200%202.073.084%203.048.248a.5.5%200%200%201%20.417.482l-.006.09-.882%205.591-.987-.155.802-5.096-.068-.01a18%2018%200%200%200-1.731-.14L16%207.583c-.795%200-1.574.051-2.324.15l-.07.01.804%205.096-.988.156-.88-5.593a.5.5%200%200%201%20.41-.57c.975-.165%202-.249%203.048-.249'/%3e%3cpath%20fill='%234F0599'%20d='M16%2011.917a5.083%205.083%200%201%200%200%2010.166%205.083%205.083%200%200%200%200-10.166m0%201a4.083%204.083%200%201%201%200%208.166%204.083%204.083%200%200%201%200-8.166'/%3e%3c/g%3e%3c/g%3e%3c/svg%3e"
        width="100%"
      />
    </div>
  </div>
</DocumentFragment>
`;

exports[`Avatar > renders correctly with lock 1`] = `
<DocumentFragment>
  .emotion-0 {
  height: 32px;
  width: 32px;
}

.emotion-2 {
  -webkit-align-items: center;
  -webkit-box-align: center;
  -ms-flex-align: center;
  align-items: center;
  background-color: #e9eaeb;
  border-radius: 100%;
  color: #ffffff;
  font-size: 10px;
  display: -webkit-box;
  display: -webkit-flex;
  display: -ms-flexbox;
  display: flex;
  height: 100%;
  -webkit-box-pack: center;
  -ms-flex-pack: center;
  -webkit-justify-content: center;
  justify-content: center;
  width: 100%;
}

.emotion-4 {
  vertical-align: middle;
  fill: #727683;
  height: 1rem;
  width: 1rem;
  min-width: 1rem;
  min-height: 1rem;
}

.emotion-4 .fillStroke {
  stroke: #727683;
  fill: none;
}

<div
    data-testid="testing"
  >
    <div
      class="emotion-0 emotion-1"
      size="32"
    >
      <span
        class="emotion-2 emotion-3"
      >
        <svg
          class="emotion-4 emotion-5"
          viewBox="0 0 16 16"
        >
          <path
            clip-rule="evenodd"
            d="M8 1C6.067 1 4.5 2.567 4.5 4.5L4.5 7C3.67157 7 3 7.67157 3 8.5V13.5C3 14.3284 3.67157 15 4.5 15H11.5C12.3284 15 13 14.3284 13 13.5V8.5C13 7.67157 12.3284 7 11.5 7V4.5C11.5 2.567 9.933 1 8 1ZM10 7V4.5C10 3.39543 9.10457 2.5 8 2.5C6.89543 2.5 6 3.39543 6 4.5V7H10Z"
            fill-rule="evenodd"
          />
        </svg>
      </span>
    </div>
  </div>
</DocumentFragment>
`;

exports[`Avatar > renders correctly with sentence 1`] = `
<DocumentFragment>
  .emotion-0 {
  height: 32px;
  width: 32px;
}

.emotion-2 {
  -webkit-align-items: center;
  -webkit-box-align: center;
  -ms-flex-align: center;
  align-items: center;
  background-color: #b824f9;
  border-radius: 100%;
  color: #ffffff;
  font-size: 10px;
  display: -webkit-box;
  display: -webkit-flex;
  display: -ms-flexbox;
  display: flex;
  height: 100%;
  -webkit-box-pack: center;
  -ms-flex-pack: center;
  -webkit-justify-content: center;
  justify-content: center;
  width: 100%;
}

<div
    data-testid="testing"
  >
    <div
      class="emotion-0 emotion-1"
      size="32"
    >
      <span
        class="emotion-2 emotion-3"
      >
        HW
      </span>
    </div>
  </div>
</DocumentFragment>
`;

exports[`Avatar > renders correctly with size 1`] = `
<DocumentFragment>
  .emotion-0 {
  height: 48px;
  width: 48px;
}

<div
    data-testid="testing"
  >
    <div
      class="emotion-0 emotion-1"
      size="48"
    >
      <img
        alt=""
        height="100%"
        src="data:image/svg+xml,%3csvg%20xmlns='http://www.w3.org/2000/svg'%20viewBox='0%200%2032%2032'%3e%3cg%20fill='none'%20fill-rule='evenodd'%3e%3cpath%20fill='%23EEF'%20d='m18.592.849%2011.59%208.488a4.46%204.46%200%200%201%201.602%204.969L27.357%2028.04a4.41%204.41%200%200%201-4.194%203.071H8.837a4.41%204.41%200%200%201-4.194-3.07L.216%2014.305a4.46%204.46%200%200%201%201.602-4.97L13.408.85a4.38%204.38%200%200%201%205.184%200z'/%3e%3cg%20fill-rule='nonzero'%3e%3cpath%20fill='%234F0599'%20d='M7.345%2019.765a9.1%209.1%200%200%200%205.87%205.883l-.154%201a10.1%2010.1%200%200%201-6.717-6.734zm17.293.053.998.161a10.1%2010.1%200%200%201-6.697%206.67l-.154-1a9.1%209.1%200%200%200%205.853-5.83zM13.04%207.358l.158%201a9.1%209.1%200%200%200-5.853%205.877l-1-.15a10.1%2010.1%200%200%201%206.695-6.727m5.92%200a10.1%2010.1%200%200%201%206.676%206.663l-.998.16a9.1%209.1%200%200%200-5.836-5.824z'/%3e%3cpath%20fill='%23AE5CFF'%20d='m13.422%2021.007.988.152-.783%205.097.067.01a17%2017%200%200%200%201.718.141l.588.01c.788%200%201.561-.051%202.306-.15l.066-.011-.783-5.097.989-.151.86%205.592a.5.5%200%200%201-.412.569%2018%2018%200%200%201-3.026.248%2018%2018%200%200%201-3.027-.248.5.5%200%200%201-.416-.48l.006-.09zm12.747-7.075c.164.981.248%202.012.248%203.068s-.084%202.087-.248%203.068a.5.5%200%200%201-.483.418l-.09-.007-5.592-.902.16-.987%205.091.821.011-.07c.075-.566.122-1.15.141-1.743l.01-.598c0-.8-.051-1.586-.15-2.342l-.012-.07-5.092.822-.16-.988%205.593-.902a.5.5%200%200%201%20.573.412m-19.86-.349.089.005%205.592.834-.147.989-5.1-.761-.01.065a17%2017%200%200%200-.14%201.703l-.01.582c0%20.78.051%201.546.15%202.285l.01.063%205.1-.759.147.989-5.592.834a.5.5%200%200%201-.567-.41A18%2018%200%200%201%205.583%2017c0-1.032.084-2.04.248-3.001a.5.5%200%200%201%20.478-.416m9.691-7c1.049%200%202.073.084%203.048.248a.5.5%200%200%201%20.417.482l-.006.09-.882%205.591-.987-.155.802-5.096-.068-.01a18%2018%200%200%200-1.731-.14L16%207.583c-.795%200-1.574.051-2.324.15l-.07.01.804%205.096-.988.156-.88-5.593a.5.5%200%200%201%20.41-.57c.975-.165%202-.249%203.048-.249'/%3e%3cpath%20fill='%234F0599'%20d='M16%2011.917a5.083%205.083%200%201%200%200%2010.166%205.083%205.083%200%200%200%200-10.166m0%201a4.083%204.083%200%201%201%200%208.166%204.083%204.083%200%200%201%200-8.166'/%3e%3c/g%3e%3c/g%3e%3c/svg%3e"
        width="100%"
      />
    </div>
  </div>
</DocumentFragment>
`;

exports[`Avatar > renders correctly with small text 1`] = `
<DocumentFragment>
  .emotion-0 {
  height: 32px;
  width: 32px;
}

.emotion-2 {
  -webkit-align-items: center;
  -webkit-box-align: center;
  -ms-flex-align: center;
  align-items: center;
  background-color: #b824f9;
  border-radius: 100%;
  color: #ffffff;
  font-size: 10px;
  display: -webkit-box;
  display: -webkit-flex;
  display: -ms-flexbox;
  display: flex;
  height: 100%;
  -webkit-box-pack: center;
  -ms-flex-pack: center;
  -webkit-justify-content: center;
  justify-content: center;
  width: 100%;
}

<div
    data-testid="testing"
  >
    <div
      class="emotion-0 emotion-1"
      size="32"
    >
      <span
        class="emotion-2 emotion-3"
      >
        HW
      </span>
    </div>
  </div>
</DocumentFragment>
`;

exports[`Avatar > renders correctly with text 1`] = `
<DocumentFragment>
  .emotion-0 {
  height: 32px;
  width: 32px;
}

.emotion-2 {
  -webkit-align-items: center;
  -webkit-box-align: center;
  -ms-flex-align: center;
  align-items: center;
  background-color: #b824f9;
  border-radius: 100%;
  color: #ffffff;
  font-size: 10px;
  display: -webkit-box;
  display: -webkit-flex;
  display: -ms-flexbox;
  display: flex;
  height: 100%;
  -webkit-box-pack: center;
  -ms-flex-pack: center;
  -webkit-justify-content: center;
  justify-content: center;
  width: 100%;
}

<div
    data-testid="testing"
  >
    <div
      class="emotion-0 emotion-1"
      size="32"
    >
      <span
        class="emotion-2 emotion-3"
      >
        HE
      </span>
    </div>
  </div>
</DocumentFragment>
`;

exports[`Avatar > renders correctly with text and custom style 1`] = `
<DocumentFragment>
  .emotion-0 {
  height: 32px;
  width: 32px;
}

.emotion-2 {
  -webkit-align-items: center;
  -webkit-box-align: center;
  -ms-flex-align: center;
  align-items: center;
  background-color: red;
  border-radius: 100%;
  color: white;
  font-size: 14px;
  display: -webkit-box;
  display: -webkit-flex;
  display: -ms-flexbox;
  display: flex;
  height: 100%;
  -webkit-box-pack: center;
  -ms-flex-pack: center;
  -webkit-justify-content: center;
  justify-content: center;
  width: 100%;
}

<div
    data-testid="testing"
  >
    <div
      class="emotion-0 emotion-1"
      size="32"
    >
      <span
        class="emotion-2 emotion-3"
      >
        HW
      </span>
    </div>
  </div>
</DocumentFragment>
`;

exports[`Avatar > renders correctly with text size 1`] = `
<DocumentFragment>
  .emotion-0 {
  height: 50px;
  width: 50px;
}

.emotion-2 {
  -webkit-align-items: center;
  -webkit-box-align: center;
  -ms-flex-align: center;
  align-items: center;
  background-color: #b824f9;
  border-radius: 100%;
  color: #ffffff;
  font-size: 30px;
  display: -webkit-box;
  display: -webkit-flex;
  display: -ms-flexbox;
  display: flex;
  height: 100%;
  -webkit-box-pack: center;
  -ms-flex-pack: center;
  -webkit-justify-content: center;
  justify-content: center;
  width: 100%;
}

<div
    data-testid="testing"
  >
    <div
      class="emotion-0 emotion-1"
      size="50"
    >
      <span
        class="emotion-2 emotion-3"
      >
        HE
      </span>
    </div>
  </div>
</DocumentFragment>
`;
