// Vitest Snapshot v1, https://vitest.dev/guide/snapshot.html

exports[`ActionBar > renders correctly  1`] = `
<DocumentFragment>
  <div
    data-testid="testing"
  />
</DocumentFragment>
`;

exports[`ActionBar > renders correctly with custom rank 1`] = `
<DocumentFragment>
  <div
    data-testid="testing"
  />
</DocumentFragment>
`;
