// Vitest Snapshot v1, https://vitest.dev/guide/snapshot.html

exports[`PasswordStrengthMeter > render with empty password 1`] = `
<DocumentFragment>
  .emotion-1 {
  font-size: 0.875rem;
  font-family: Inter,sans-serif;
  font-weight: 500;
  letter-spacing: 0;
  line-height: 1.25rem;
  text-transform: none;
  -webkit-text-decoration: none;
  text-decoration: none;
  display: inline-block;
  vertical-align: top;
  line-height: 22px;
}

.emotion-4 {
  font-size: 0.875rem;
  font-family: Inter,sans-serif;
  font-weight: 500;
  letter-spacing: 0;
  line-height: 1.25rem;
  text-transform: none;
  -webkit-text-decoration: none;
  text-decoration: none;
  float: right;
  vertical-align: top;
  color: #b3144d;
}

.emotion-6 {
  background-color: #f3f3f4;
  border-radius: 0.25rem;
  height: 8px;
  margin-top: 0.5rem;
  margin-bottom: 1rem;
}

.emotion-8 {
  border-radius: 0.25rem;
  height: 100%;
  -webkit-transition: all 0.5s;
  transition: all 0.5s;
}

<div
    data-testid="testing"
  >
    <div
      aria-live="polite"
      role="alert"
      title="MyTitle"
    >
      <p
        class="emotion-0 emotion-1 emotion-2"
      >
        MyTitle
      </p>
      <span
        class="emotion-3 emotion-4 emotion-2"
      >
        veryWeak
      </span>
      <div
        class="emotion-6 emotion-7"
      >
        <div
          class="emotion-8 emotion-9"
          style="background-color: rgb(179, 20, 77); width: 20%;"
        />
      </div>
    </div>
  </div>
</DocumentFragment>
`;

exports[`PasswordStrengthMeter > render with medium password 1`] = `
<DocumentFragment>
  .emotion-1 {
  font-size: 0.875rem;
  font-family: Inter,sans-serif;
  font-weight: 500;
  letter-spacing: 0;
  line-height: 1.25rem;
  text-transform: none;
  -webkit-text-decoration: none;
  text-decoration: none;
  display: inline-block;
  vertical-align: top;
  line-height: 22px;
}

.emotion-4 {
  font-size: 0.875rem;
  font-family: Inter,sans-serif;
  font-weight: 500;
  letter-spacing: 0;
  line-height: 1.25rem;
  text-transform: none;
  -webkit-text-decoration: none;
  text-decoration: none;
  float: right;
  vertical-align: top;
  color: #b3144d;
}

.emotion-6 {
  background-color: #f3f3f4;
  border-radius: 0.25rem;
  height: 8px;
  margin-top: 0.5rem;
  margin-bottom: 1rem;
}

.emotion-8 {
  border-radius: 0.25rem;
  height: 100%;
  -webkit-transition: all 0.5s;
  transition: all 0.5s;
}

<div
    data-testid="testing"
  >
    <div
      aria-live="polite"
      role="alert"
      title="MyTitle"
    >
      <p
        class="emotion-0 emotion-1 emotion-2"
      >
        MyTitle
      </p>
      <span
        class="emotion-3 emotion-4 emotion-2"
      >
        veryWeak
      </span>
      <div
        class="emotion-6 emotion-7"
      >
        <div
          class="emotion-8 emotion-9"
          style="background-color: rgb(179, 20, 77); width: 20%;"
        />
      </div>
    </div>
  </div>
</DocumentFragment>
`;

exports[`PasswordStrengthMeter > render with strong password 1`] = `
<DocumentFragment>
  .emotion-1 {
  font-size: 0.875rem;
  font-family: Inter,sans-serif;
  font-weight: 500;
  letter-spacing: 0;
  line-height: 1.25rem;
  text-transform: none;
  -webkit-text-decoration: none;
  text-decoration: none;
  display: inline-block;
  vertical-align: top;
  line-height: 22px;
}

.emotion-4 {
  font-size: 0.875rem;
  font-family: Inter,sans-serif;
  font-weight: 500;
  letter-spacing: 0;
  line-height: 1.25rem;
  text-transform: none;
  -webkit-text-decoration: none;
  text-decoration: none;
  float: right;
  vertical-align: top;
  color: #b3144d;
}

.emotion-6 {
  background-color: #f3f3f4;
  border-radius: 0.25rem;
  height: 8px;
  margin-top: 0.5rem;
  margin-bottom: 1rem;
}

.emotion-8 {
  border-radius: 0.25rem;
  height: 100%;
  -webkit-transition: all 0.5s;
  transition: all 0.5s;
}

<div
    data-testid="testing"
  >
    <div
      aria-live="polite"
      role="alert"
      title="MyTitle"
    >
      <p
        class="emotion-0 emotion-1 emotion-2"
      >
        MyTitle
      </p>
      <span
        class="emotion-3 emotion-4 emotion-2"
      >
        veryWeak
      </span>
      <div
        class="emotion-6 emotion-7"
      >
        <div
          class="emotion-8 emotion-9"
          style="background-color: rgb(179, 20, 77); width: 20%;"
        />
      </div>
    </div>
  </div>
</DocumentFragment>
`;

exports[`PasswordStrengthMeter > render with very strong password 1`] = `
<DocumentFragment>
  .emotion-1 {
  font-size: 0.875rem;
  font-family: Inter,sans-serif;
  font-weight: 500;
  letter-spacing: 0;
  line-height: 1.25rem;
  text-transform: none;
  -webkit-text-decoration: none;
  text-decoration: none;
  display: inline-block;
  vertical-align: top;
  line-height: 22px;
}

.emotion-4 {
  font-size: 0.875rem;
  font-family: Inter,sans-serif;
  font-weight: 500;
  letter-spacing: 0;
  line-height: 1.25rem;
  text-transform: none;
  -webkit-text-decoration: none;
  text-decoration: none;
  float: right;
  vertical-align: top;
  color: #b3144d;
}

.emotion-6 {
  background-color: #f3f3f4;
  border-radius: 0.25rem;
  height: 8px;
  margin-top: 0.5rem;
  margin-bottom: 1rem;
}

.emotion-8 {
  border-radius: 0.25rem;
  height: 100%;
  -webkit-transition: all 0.5s;
  transition: all 0.5s;
}

<div
    data-testid="testing"
  >
    <div
      aria-live="polite"
      role="alert"
      title="MyTitle"
    >
      <p
        class="emotion-0 emotion-1 emotion-2"
      >
        MyTitle
      </p>
      <span
        class="emotion-3 emotion-4 emotion-2"
      >
        veryWeak
      </span>
      <div
        class="emotion-6 emotion-7"
      >
        <div
          class="emotion-8 emotion-9"
          style="background-color: rgb(179, 20, 77); width: 20%;"
        />
      </div>
    </div>
  </div>
</DocumentFragment>
`;

exports[`PasswordStrengthMeter > render with weak password 1`] = `
<DocumentFragment>
  .emotion-1 {
  font-size: 0.875rem;
  font-family: Inter,sans-serif;
  font-weight: 500;
  letter-spacing: 0;
  line-height: 1.25rem;
  text-transform: none;
  -webkit-text-decoration: none;
  text-decoration: none;
  display: inline-block;
  vertical-align: top;
  line-height: 22px;
}

.emotion-4 {
  font-size: 0.875rem;
  font-family: Inter,sans-serif;
  font-weight: 500;
  letter-spacing: 0;
  line-height: 1.25rem;
  text-transform: none;
  -webkit-text-decoration: none;
  text-decoration: none;
  float: right;
  vertical-align: top;
  color: #b3144d;
}

.emotion-6 {
  background-color: #f3f3f4;
  border-radius: 0.25rem;
  height: 8px;
  margin-top: 0.5rem;
  margin-bottom: 1rem;
}

.emotion-8 {
  border-radius: 0.25rem;
  height: 100%;
  -webkit-transition: all 0.5s;
  transition: all 0.5s;
}

<div
    data-testid="testing"
  >
    <div
      aria-live="polite"
      role="alert"
      title="MyTitle"
    >
      <p
        class="emotion-0 emotion-1 emotion-2"
      >
        MyTitle
      </p>
      <span
        class="emotion-3 emotion-4 emotion-2"
      >
        veryWeak
      </span>
      <div
        class="emotion-6 emotion-7"
      >
        <div
          class="emotion-8 emotion-9"
          style="background-color: rgb(179, 20, 77); width: 20%;"
        />
      </div>
    </div>
  </div>
</DocumentFragment>
`;
