// Vitest Snapshot v1, https://vitest.dev/guide/snapshot.html

exports[`dynamicIllustration > should work with consoleDarkTheme 1`] = `
<DocumentFragment>
  <div
    data-testid="testing"
  >
    <img
      alt="empty"
      src="https://assets.scaleway.com/illustrations/various/empty/empty-light.webp"
    />
  </div>
</DocumentFragment>
`;

exports[`dynamicIllustration > should work with consoleDarkerTheme 1`] = `
<DocumentFragment>
  <div
    data-testid="testing"
  >
    <img
      alt="empty"
      src="https://assets.scaleway.com/illustrations/various/empty/empty-light.webp"
    />
  </div>
</DocumentFragment>
`;

exports[`dynamicIllustration > should work with consoleLightTheme 1`] = `
<DocumentFragment>
  <div
    data-testid="testing"
  >
    <img
      alt="empty"
      src="https://assets.scaleway.com/illustrations/various/empty/empty-light.webp"
    />
  </div>
</DocumentFragment>
`;
